PUBLIC TEST-RESULT EXCERPT
Verbose compiler/UI traces and machine paths are omitted. Original evidence is retained locally.

Command line invocation:
    /Applications/Xcode.app/Contents/Developer/usr/bin/xcodebuild test-without-building -xctestrun artifacts/m1-qe/FinalBuild/Build/Products/Questly_iphonesimulator27.0-arm64.xctestrun -destination "platform=iOS Simulator,id=CDD71AB5-2ED6-4C76-B1AE-B1DA767CAE41" -parallel-testing-enabled NO -collect-test-diagnostics never "-only-testing:QuestlyTests" "-only-testing:QuestlyUITests/QuestlyUITests/testIslandExposesAccessibleControls" "-only-testing:QuestlyUITests/QuestlyUITests/testAccessibilityAuditIslandAndCargo" "-only-testing:QuestlyUITests/QuestlyUITests/testEngineerRulesCompletionUndoAndRelaunch" "-only-testing:QuestlyUITests/QuestlyUITests/testProfilesModesChineseMotionAndBackground" "-only-testing:QuestlyUITests/QuestlyUITests/testVoyageLimitHintsAndScopedRestart" "-only-testing:QuestlyUITests/QuestlyUITests/testLandscapeFullScreenPresentation" -resultBundlePath artifacts/m1-qe/ipad-release-candidate.xcresult
Test Suite 'Selected tests' started at 2026-09-27 14:52:58.022.
Test Suite 'QuestlyUITests.xctest' started at 2026-09-27 14:52:58.022.
Test Suite 'QuestlyUITests' started at 2026-09-27 14:52:58.022.
Test Case '-[QuestlyUITests.QuestlyUITests testAccessibilityAuditIslandAndCargo]' started.
Test Case '-[QuestlyUITests.QuestlyUITests testAccessibilityAuditIslandAndCargo]' passed (7.847 seconds).
Test Case '-[QuestlyUITests.QuestlyUITests testEngineerRulesCompletionUndoAndRelaunch]' started.
Test Case '-[QuestlyUITests.QuestlyUITests testEngineerRulesCompletionUndoAndRelaunch]' passed (37.516 seconds).
Test Case '-[QuestlyUITests.QuestlyUITests testIslandExposesAccessibleControls]' started.
Test Case '-[QuestlyUITests.QuestlyUITests testIslandExposesAccessibleControls]' passed (6.491 seconds).
Test Case '-[QuestlyUITests.QuestlyUITests testLandscapeFullScreenPresentation]' started.
Test Case '-[QuestlyUITests.QuestlyUITests testLandscapeFullScreenPresentation]' passed (39.751 seconds).
Test Case '-[QuestlyUITests.QuestlyUITests testProfilesModesChineseMotionAndBackground]' started.
Test Case '-[QuestlyUITests.QuestlyUITests testProfilesModesChineseMotionAndBackground]' passed (41.882 seconds).
Test Case '-[QuestlyUITests.QuestlyUITests testVoyageLimitHintsAndScopedRestart]' started.
Test Case '-[QuestlyUITests.QuestlyUITests testVoyageLimitHintsAndScopedRestart]' passed (22.714 seconds).
Test Suite 'QuestlyUITests' passed at 2026-09-27 14:55:34.227.
	 Executed 6 tests, with 0 failures (0 unexpected) in 156.200 (156.204) seconds
Test Suite 'QuestlyUITests.xctest' passed at 2026-09-27 14:55:34.227.
	 Executed 6 tests, with 0 failures (0 unexpected) in 156.200 (156.205) seconds
Test Suite 'Selected tests' passed at 2026-09-27 14:55:34.228.
	 Executed 6 tests, with 0 failures (0 unexpected) in 156.200 (156.206) seconds
Test Suite 'All tests' started at 2026-09-27 14:55:35.957.
Test Suite 'QuestlyTests.xctest' started at 2026-09-27 14:55:35.957.
Test Suite 'GameModelTests' started at 2026-09-27 14:55:35.957.
Test Case '-[QuestlyTests.GameModelTests testPostReplacementErrorFreezesEditsUntilReloadWithoutReplayingDelivery]' started.
Test Case '-[QuestlyTests.GameModelTests testPostReplacementErrorFreezesEditsUntilReloadWithoutReplayingDelivery]' passed (0.022 seconds).
Test Case '-[QuestlyTests.GameModelTests testPreReplacementFailureKeepsCheckpointAndRequiresSuccessfulReload]' started.
Test Case '-[QuestlyTests.GameModelTests testPreReplacementFailureKeepsCheckpointAndRequiresSuccessfulReload]' passed (0.014 seconds).
Test Case '-[QuestlyTests.GameModelTests testReloadClearsDeliveryAndRuleFeedbackWhenReconcilingAnotherProfile]' started.
Test Case '-[QuestlyTests.GameModelTests testReloadClearsDeliveryAndRuleFeedbackWhenReconcilingAnotherProfile]' passed (0.021 seconds).
Test Suite 'GameModelTests' passed at 2026-09-27 14:55:36.016.
	 Executed 3 tests, with 0 failures (0 unexpected) in 0.057 (0.059) seconds
Test Suite 'QuestlyTests.xctest' passed at 2026-09-27 14:55:36.016.
	 Executed 3 tests, with 0 failures (0 unexpected) in 0.057 (0.059) seconds
Test Suite 'All tests' passed at 2026-09-27 14:55:36.017.
	 Executed 3 tests, with 0 failures (0 unexpected) in 0.057 (0.060) seconds
** TEST EXECUTE SUCCEEDED **
Testing started
