# Privacy-filtered actual result excerpt; full trace remains in ignored artifacts/m1-merge/.
Test Suite 'All tests' started at 2026-09-28 21:15:23.430.
Test Suite 'QuestCoreTests.xctest' started at 2026-09-28 21:15:23.430.
Test Suite 'CargoTests' started at 2026-09-28 21:15:23.430.
Test Case '-[QuestCoreTests.CargoTests testAllJavaScriptGoldenCases]' passed (0.038 seconds).
Test Case '-[QuestCoreTests.CargoTests testIndependentShortestSolutions]' passed (0.001 seconds).
Test Case '-[QuestCoreTests.CargoTests testInvalidSelectionAndHintBounds]' passed (0.000 seconds).
Test Case '-[QuestCoreTests.CargoTests testMalformedRuleHistoryRejected]' passed (0.000 seconds).
Test Case '-[QuestCoreTests.CargoTests testRejectedLoadPreservedUndoAndRestart]' passed (0.000 seconds).
Test Case '-[QuestCoreTests.CargoTests testVoyageLimitIsRecoverableAndExplorerUnlimited]' passed (0.000 seconds).
Test Suite 'CargoTests' passed at 2026-09-28 21:15:23.470.
	 Executed 6 tests, with 0 failures (0 unexpected) in 0.039 (0.040) seconds
Test Suite 'QESaveFaultTests' started at 2026-09-28 21:15:23.470.
Test Case '-[QuestCoreTests.QESaveFaultTests testAuthenticatedIllegalCargoHistoryFallsBackRatherThanEnteringRules]' passed (0.003 seconds).
Test Case '-[QuestCoreTests.QESaveFaultTests testDuplicateProfileIDsAreRejectedEvenWithCorrectChecksum]' passed (0.001 seconds).
Test Case '-[QuestCoreTests.QESaveFaultTests testEveryTruncationOfNewestCheckpointRecoversOlderBytesWithoutMutatingFiles]' passed (0.207 seconds).
Test Case '-[QuestCoreTests.QESaveFaultTests testFuturePayloadSchemaPreservesBothSlotsAndBlocksWrites]' passed (0.002 seconds).
Test Case '-[QuestCoreTests.QESaveFaultTests testGenerationExhaustionCannotWrapAndOverwriteNewest]' passed (0.001 seconds).
Test Case '-[QuestCoreTests.QESaveFaultTests testOversizedAndUnreadableSlotsDoNotBecomeFreshEmptyProgress]' passed (0.001 seconds).
Test Case '-[QuestCoreTests.QESaveFaultTests testPostReplacementIOErrorHasAnUncertainCommitOutcome]' passed (0.001 seconds).
Test Case '-[QuestCoreTests.QESaveFaultTests testRollbackRecoveryKeepsOtherProfileAndOtherDifficultyIntact]' passed (0.001 seconds).
Test Suite 'QESaveFaultTests' passed at 2026-09-28 21:15:23.687.
	 Executed 8 tests, with 0 failures (0 unexpected) in 0.217 (0.217) seconds
Test Suite 'SaveTests' started at 2026-09-28 21:15:23.687.
Test Case '-[QuestCoreTests.SaveTests testBothDamagedBlockWritesAndPreserveEvidence]' passed (0.001 seconds).
Test Case '-[QuestCoreTests.SaveTests testChecksumTamperingRecoversAndInvalidStateCannotBeSaved]' passed (0.001 seconds).
Test Case '-[QuestCoreTests.SaveTests testColdRelaunchProfilesModesPreferencesAndSelectedCargo]' passed (0.001 seconds).
Test Case '-[QuestCoreTests.SaveTests testContentRevisionRequiresMigrationRatherThanReset]' passed (0.001 seconds).
Test Case '-[QuestCoreTests.SaveTests testCorruptNewestRecoversPreviousAndCanSaveAgain]' passed (0.002 seconds).
Test Case '-[QuestCoreTests.SaveTests testFutureSchemaBlocksRollbackEvenWithValidOlderSlot]' passed (0.001 seconds).
Test Case '-[QuestCoreTests.SaveTests testInterruptedWriteRetainsLastCheckpoint]' passed (0.001 seconds).
Test Case '-[QuestCoreTests.SaveTests testSaveFailureDoesNotDestroyPreviousFile]' passed (0.001 seconds).
Test Case '-[QuestCoreTests.SaveTests testUncommittedTemporaryFileIgnored]' passed (0.001 seconds).
Test Suite 'SaveTests' passed at 2026-09-28 21:15:23.696.
	 Executed 9 tests, with 0 failures (0 unexpected) in 0.008 (0.008) seconds
Test Suite 'QuestCoreTests.xctest' passed at 2026-09-28 21:15:23.696.
	 Executed 23 tests, with 0 failures (0 unexpected) in 0.264 (0.265) seconds
Test Suite 'All tests' passed at 2026-09-28 21:15:23.696.
	 Executed 23 tests, with 0 failures (0 unexpected) in 0.264 (0.266) seconds
QE: tested all 835 truncated prefixes of the newer checkpoint
QE: an error after atomic replacement leaves the newer complete checkpoint visible; callers must reload before further edits
