PUBLIC TEST-RESULT EXCERPT
Verbose compiler/UI traces and machine paths are omitted. Original evidence is retained locally.

Command line invocation:
    /Applications/Xcode.app/Contents/Developer/usr/bin/xcodebuild -project apps/ios/Questly.xcodeproj -scheme Questly -configuration Debug -destination "platform=iOS Simulator,id=CDD71AB5-2ED6-4C76-B1AE-B1DA767CAE41" -derivedDataPath $HOME/Projects/questly/artifacts/ios/DerivedData CODE_SIGNING_ALLOWED=NO test -resultBundlePath $HOME/Projects/questly/artifacts/ios/UI-20260927T203952Z.xcresult
Test Suite 'All tests' started at 2026-09-27 13:39:58.351.
Test Suite 'QuestlyUITests.xctest' started at 2026-09-27 13:39:58.352.
Test Suite 'QuestlyUITests' started at 2026-09-27 13:39:58.353.
Test Case '-[QuestlyUITests.QuestlyUITests testEngineerRulesCompletionUndoAndRelaunch]' started.
Test Case '-[QuestlyUITests.QuestlyUITests testEngineerRulesCompletionUndoAndRelaunch]' passed (53.068 seconds).
Test Case '-[QuestlyUITests.QuestlyUITests testIslandExposesAccessibleControls]' started.
Test Case '-[QuestlyUITests.QuestlyUITests testIslandExposesAccessibleControls]' passed (9.031 seconds).
Test Case '-[QuestlyUITests.QuestlyUITests testProfilesModesChineseMotionAndBackground]' started.
Test Case '-[QuestlyUITests.QuestlyUITests testProfilesModesChineseMotionAndBackground]' passed (78.149 seconds).
Test Case '-[QuestlyUITests.QuestlyUITests testVoyageLimitHintsAndScopedRestart]' started.
$HOME/Projects/questly/apps/ios/QuestlyUITests/QuestlyUITests.swift:111: error: -[QuestlyUITests.QuestlyUITests testVoyageLimitHintsAndScopedRestart] : Failed to tap "Restart challenge" Button: Find single matching element. Multiple matching elements found for <XCUIElementQuery: 0x1066ebc00>.
Test Case '-[QuestlyUITests.QuestlyUITests testVoyageLimitHintsAndScopedRestart]' failed (17.592 seconds).
Test Suite 'QuestlyUITests' failed at 2026-09-27 13:42:36.199.
	 Executed 4 tests, with 1 failure (0 unexpected) in 157.840 (157.847) seconds
Test Suite 'QuestlyUITests.xctest' failed at 2026-09-27 13:42:36.200.
	 Executed 4 tests, with 1 failure (0 unexpected) in 157.840 (157.848) seconds
Test Suite 'All tests' failed at 2026-09-27 13:42:36.200.
	 Executed 4 tests, with 1 failure (0 unexpected) in 157.840 (157.849) seconds
** TEST FAILED **
Testing started
