PUBLIC TEST-RESULT EXCERPT
Verbose compiler/UI traces and machine paths are omitted. Original evidence is retained locally.

Command line invocation:
    /Applications/Xcode.app/Contents/Developer/usr/bin/xcodebuild -project apps/ios/Questly.xcodeproj -scheme Questly -configuration Debug -destination "platform=iOS Simulator,id=EE17BFDB-26CE-49B8-AF5F-E4E86B3644CE" -derivedDataPath artifacts/ios/iPhoneDerivedData CODE_SIGNING_ALLOWED=NO test -resultBundlePath artifacts/ios/iPhone-accepted.xcresult
Test Suite 'All tests' started at 2026-09-27 13:52:39.045.
Test Suite 'QuestlyUITests.xctest' started at 2026-09-27 13:52:39.046.
Test Suite 'QuestlyUITests' started at 2026-09-27 13:52:39.046.
Test Case '-[QuestlyUITests.QuestlyUITests testEngineerRulesCompletionUndoAndRelaunch]' started.
Test Case '-[QuestlyUITests.QuestlyUITests testEngineerRulesCompletionUndoAndRelaunch]' passed (51.131 seconds).
Test Case '-[QuestlyUITests.QuestlyUITests testIslandExposesAccessibleControls]' started.
Test Case '-[QuestlyUITests.QuestlyUITests testIslandExposesAccessibleControls]' passed (6.410 seconds).
Test Case '-[QuestlyUITests.QuestlyUITests testProfilesModesChineseMotionAndBackground]' started.
Test Case '-[QuestlyUITests.QuestlyUITests testProfilesModesChineseMotionAndBackground]' passed (110.855 seconds).
Test Case '-[QuestlyUITests.QuestlyUITests testVoyageLimitHintsAndScopedRestart]' started.
Test Case '-[QuestlyUITests.QuestlyUITests testVoyageLimitHintsAndScopedRestart]' passed (35.594 seconds).
Test Suite 'QuestlyUITests' passed at 2026-09-27 13:56:03.048.
	 Executed 4 tests, with 0 failures (0 unexpected) in 203.989 (204.002) seconds
Test Suite 'QuestlyUITests.xctest' passed at 2026-09-27 13:56:03.049.
	 Executed 4 tests, with 0 failures (0 unexpected) in 203.989 (204.004) seconds
Test Suite 'All tests' passed at 2026-09-27 13:56:03.051.
	 Executed 4 tests, with 0 failures (0 unexpected) in 203.989 (204.006) seconds
** TEST SUCCEEDED **
Testing started
